ERC report (2026-03-05T21:13:03+0500, Encoding UTF8)

***** Sheet /
[pin_not_connected]: Pin not connected
    ; error
    @(101.60 mm, 50.80 mm): Symbol #PWR01 Hidden pin 1 [+5V, Power input, Line]
[power_pin_not_driven]: Input Power pin not driven by any Output Power pins
    ; error
    @(101.60 mm, 50.80 mm): Symbol #PWR01 Hidden pin 1 [+5V, Power input, Line]
[pin_not_connected]: Pin not connected
    ; error
    @(101.60 mm, 66.04 mm): Symbol R1 Pin 1 [Passive, Line]
[pin_not_connected]: Pin not connected
    ; error
    @(101.60 mm, 73.66 mm): Symbol R1 Pin 2 [Passive, Line]
[pin_not_connected]: Pin not connected
    ; error
    @(101.60 mm, 78.74 mm): Symbol D1 Pin 1 [K, Passive, Line]
[pin_not_connected]: Pin not connected
    ; error
    @(101.60 mm, 86.36 mm): Symbol D1 Pin 2 [A, Passive, Line]
[lib_symbol_mismatch]: Symbol '+5V' doesn't match copy in library 'power'
    ; warning
    @(101.60 mm, 50.80 mm): Symbol #PWR01 [+5V]
[lib_symbol_mismatch]: Symbol 'LED' doesn't match copy in library 'Device'
    ; warning
    @(101.60 mm, 82.55 mm): Symbol D1 [LED]
[lib_symbol_mismatch]: Symbol 'GND' doesn't match copy in library 'power'
    ; warning
    @(101.60 mm, 101.60 mm): Symbol #PWR02 [GND]
[multiple_net_names]: Both +5V and GND are attached to the same items; +5V will be used in the netlist
    ; warning
    @(101.60 mm, 50.80 mm): Symbol #PWR01 Hidden pin 1 [+5V, Power input, Line]
    @(101.60 mm, 101.60 mm): Symbol #PWR02 Hidden pin 1 [GND, Power input, Line]

 ** ERC messages: 10  Errors 6  Warnings 4
